2026-05-30 16:03:56 [INFO] 日志文件已创建: /home/an/robot_world_ws/src/dex-retargeting/example/position_retargeting/r1_tracking.log
2026-05-30 16:03:56 [INFO] ================================================================================
2026-05-30 16:03:56 [INFO] DexYCB → Dex Retargeting → RelaxedIK (R1右臂) → 视频  [视角: front]
2026-05-30 16:03:56 [INFO] ================================================================================
2026-05-30 16:03:56 [INFO] 
[1/7] 加载 DexYCB ...
2026-05-30 16:03:57 [INFO]   轨迹: 72 帧, 物体: ['006_mustard_bottle', '035_power_drill', '037_scissors', '061_foam_brick']
2026-05-30 16:03:57 [INFO] 
[2/7] 初始化 Dex Retargeting ...
2026-05-30 16:03:58 [INFO]   ✓ Dex Retargeting 就绪
2026-05-30 16:03:58 [INFO] 
[3/7] 分析手部轨迹 ...
2026-05-30 16:03:58 [INFO]   有效帧数: 71
2026-05-30 16:03:58 [INFO]   手腕质心:   [0.5325, 0.3834, 0.2201]
2026-05-30 16:03:58 [INFO]   手腕范围:   X[0.1571], Y[0.6276], Z[0.2479]
2026-05-30 16:03:58 [INFO] 
[4/7] 放置 R1 机器人（基座固定地面 Z=0） ...
2026-05-30 16:03:58 [INFO]   机器人基座位置: [0.0000, -0.2531, 0.0000]
2026-05-30 16:03:58 [INFO]   right_arm_base_link 位置: [0.0325, -0.1572, 1.4027]
2026-05-30 16:03:58 [INFO] 
[5/7] 计算工作空间映射 ...
2026-05-30 16:03:58 [INFO]   映射偏移: [-0.7989, -0.5385, 0.9313]
2026-05-30 16:03:58 [INFO]   安全偏移: [0.0574, -0.0004, 0.0483] (距离=0.075m)
2026-05-30 16:03:58 [INFO]   映射后质心到base距离: 0.3155m / 臂展0.713m
2026-05-30 16:03:58 [INFO] 
[6/7] 初始化 RelaxedIK ...
2026-05-30 16:03:58 [INFO]   ✓ RelaxedIK 就绪
2026-05-30 16:03:58 [INFO] 
[7/7] 预计算 72 帧 (含 30 帧warmup) ...
2026-05-30 16:03:58 [INFO]   IK预热：对第一个目标点迭代 200 次 ...
2026-05-30 16:03:58 [INFO]   IK预热完成，关节角: [-0.6924507   1.89872512 -1.84122961 -2.18932393  0.98154166 -0.91496969]
2026-05-30 16:03:58 [INFO]   Warmup: 从当前关节角过渡到第一帧IK结果 (30帧)
2026-05-30 16:03:58 [INFO]     当前关节角: [-83.0°, 107.4°, -59.7°, -26.2°, 9.3°, 10.8°]
2026-05-30 16:03:58 [INFO]     目标关节角: [-39.7°, 108.8°, -105.5°, -125.4°, 56.2°, -52.4°]
2026-05-30 16:03:58 [INFO]   已计算 10/72 帧 ...
2026-05-30 16:03:58 [INFO]   已计算 20/72 帧 ...
2026-05-30 16:03:58 [INFO]   已计算 30/72 帧 ...
2026-05-30 16:03:58 [INFO]   已计算 40/72 帧 ...
2026-05-30 16:03:58 [INFO]   已计算 50/72 帧 ...
2026-05-30 16:03:58 [INFO]   已计算 60/72 帧 ...
2026-05-30 16:03:59 [INFO]   已计算 70/72 帧 ...
2026-05-30 16:03:59 [INFO]   帧71 IK目标(base帧): [ 0.23961237  0.09765297 -0.11533105], 关节角: [-4.5°, 156.9°, -54.4°, -146.5°, 48.3°, -48.4°]
2026-05-30 16:03:59 [INFO]   ✓ 预计算完成: 101/102 帧有效 (含warmup)
2026-05-30 16:03:59 [INFO] 
  轨迹后处理平滑 (仅数据帧, 双向二阶Butterworth LPF + 速度/加速度/加加速度迭代限幅) ...
2026-05-30 16:03:59 [INFO]   ✓ 平滑完成: 速度峰值 1.50 rad/s, 加速度峰值 8.95 rad/s², 加加速度峰值 268.4 rad/s³
2026-05-30 16:03:59 [INFO] 
渲染视频 → r1_tracking.mp4  [视角: front]
2026-05-30 16:03:59 [INFO]   相机位置: [-2.50, -0.25, 1.20]
2026-05-30 16:03:59 [INFO]   视频帧率: 22 (0.75x慢放, 原始30)
2026-05-30 16:04:06 [INFO]   已渲染 10/101 帧 ...
2026-05-30 16:04:08 [INFO]   已渲染 20/101 帧 ...
2026-05-30 16:04:09 [INFO]   已渲染 30/101 帧 ...
2026-05-30 16:04:11 [INFO]   已渲染 40/101 帧 ...
2026-05-30 16:04:12 [INFO]   已渲染 50/101 帧 ...
2026-05-30 16:04:14 [INFO]   已渲染 60/101 帧 ...
2026-05-30 16:04:16 [INFO]   已渲染 70/101 帧 ...
2026-05-30 16:04:17 [INFO]   已渲染 80/101 帧 ...
2026-05-30 16:04:19 [INFO]   已渲染 90/101 帧 ...
2026-05-30 16:04:20 [INFO]   已渲染 100/101 帧 ...
2026-05-30 16:04:21 [INFO] ✓ 视频已保存: r1_tracking.mp4
2026-05-30 16:04:21 [INFO]   总帧数: 101 (warmup=30 + 数据=71), 视角: front
2026-05-30 16:04:21 [INFO] 
================================================================================
2026-05-30 16:04:21 [INFO] 评估报告
2026-05-30 16:04:21 [INFO] ================================================================================
2026-05-30 16:04:21 [INFO] 
── 1. 手部轨迹分析 ──
2026-05-30 16:04:21 [INFO]   有效帧数:     71
2026-05-30 16:04:21 [INFO]   手腕质心:     [0.5325, 0.3834, 0.2201]
2026-05-30 16:04:21 [INFO]   运动范围:     X=0.1571m, Y=0.6276m, Z=0.2479m
2026-05-30 16:04:21 [INFO]   运动标准差:   X=0.0505m, Y=0.1760m, Z=0.0596m
2026-05-30 16:04:21 [INFO] 
── 2. 工作空间映射 ──
2026-05-30 16:04:21 [INFO]   映射偏移:     [-0.7989, -0.5385, 0.9313]
2026-05-30 16:04:21 [INFO]   安全距离:     0.075m
2026-05-30 16:04:21 [INFO]   映射后质心到base: 0.3155m / 臂展0.713m
2026-05-30 16:04:21 [INFO] 
── 3. IK 求解统计 ──
2026-05-30 16:04:21 [INFO]   有效帧:       101/102 (含30帧warmup)
2026-05-30 16:04:21 [INFO]   IK失败帧:     0
2026-05-30 16:04:21 [INFO]   超出臂展帧:   0/72
2026-05-30 16:04:21 [INFO] 
── 4. FK 验证（最后一帧位置误差） ──
2026-05-30 16:04:21 [INFO]   末端位置:     [-0.2019, -0.2893, 1.2371]
2026-05-30 16:04:21 [INFO]   IK目标位置:   [-0.2052, -0.2573, 1.2803]
2026-05-30 16:04:21 [INFO]   位置误差:     5.38 cm
2026-05-30 16:04:21 [INFO] 
── 5. 关节舒适度 ──
2026-05-30 16:04:21 [INFO]   平均舒适度:   0.3825 (1.0=最佳, 0.0=最差)
2026-05-30 16:04:21 [INFO]   最低舒适度:   0.3208
2026-05-30 16:04:21 [INFO] 
── 6. 运动平滑度 ──
2026-05-30 16:04:21 [INFO]   ┌─────────────────────┬──────────┬──────────┬──────────┬──────┐
2026-05-30 16:04:21 [INFO]   │ 指标                │ 平滑前   │ 平滑后   │ 改善率   │ 判定 │
2026-05-30 16:04:21 [INFO]   ├─────────────────────┼──────────┼──────────┼──────────┼──────┤
2026-05-30 16:04:21 [INFO]   │ 最大角速度(rad/s)   │     6.34 │     1.50 │   76.4%  │  ✓   │
2026-05-30 16:04:21 [INFO]   │ 最大角加速度(rad/s²)│   125.68 │     8.95 │   92.9%  │  ✗   │
2026-05-30 16:04:21 [INFO]   │ 最大加加速度(rad/s³)│   5405.7 │    268.4 │   95.0%  │  ✗   │
2026-05-30 16:04:21 [INFO]   │ 平滑度指数(SI)      │ 11239701.4 │   5459.2 │  100.0%  │  ✓   │
2026-05-30 16:04:21 [INFO]   └─────────────────────┴──────────┴──────────┴──────────┴──────┘
2026-05-30 16:04:21 [INFO]   综合判定: ✗ FAIL
2026-05-30 16:04:21 [INFO] 
  合格标准: 速度≤3.0, 加速度≤8.0, 加加速度≤80.0, SI改善≥50%
2026-05-30 16:04:21 [INFO] 
  逐关节最大角速度(rad/s): J1:0.76  J2:1.27  J3:1.03  J4:1.50  J5:0.90  J6:0.77  J7:0.02  J8:0.10
2026-05-30 16:04:21 [INFO]   逐关节最大角加速度(rad/s²): J1:3.23  J2:2.40  J3:3.21  J4:8.95  J5:6.84  J6:4.53  J7:0.17  J8:0.29
2026-05-30 16:04:21 [INFO]   逐关节最大加加速度(rad/s³): J1:20.9  J2:21.0  J3:21.0  J4:268.4  J5:69.7  J6:52.6  J7:1.6  J8:2.4
2026-05-30 16:04:21 [INFO] 
  平滑参数: 二阶Butterworth LPF(α=0.25) + 速度限幅(1.5rad/s) + 加速度限幅(4.0rad/s²) + 加加速度限幅(20.0rad/s³) + 迭代收敛(10次)
2026-05-30 16:04:21 [INFO] 
── 7. 最后一帧详细验证 ──
2026-05-30 16:04:21 [INFO]   帧 100:
2026-05-30 16:04:21 [INFO]     FK末端: [-0.2019, -0.2893, 1.2371]
2026-05-30 16:04:21 [INFO]     IK目标: [-0.2052, -0.2573, 1.2803]
2026-05-30 16:04:21 [INFO]     误差: 5.38cm  关节: [-12.3°, 162.0°, -58.4°, -154.1°, 49.0°, -46.4°]  舒适度: 0.3670
2026-05-30 16:04:21 [INFO] 
================================================================================
2026-05-30 16:04:21 [INFO] 
================================================================================
2026-05-30 16:04:21 [INFO] 管线执行完成！
2026-05-30 16:04:21 [INFO] 视频: r1_tracking.mp4
2026-05-30 16:04:21 [INFO] 日志: /home/an/robot_world_ws/src/dex-retargeting/example/position_retargeting/r1_tracking.log
2026-05-30 16:04:21 [INFO] ================================================================================
